
> monolith@0.1.0 build
> next build

▲ Next.js 16.1.6 (Turbopack)

  Creating an optimized production build ...

> Build error occurred
Error: Turbopack build failed with 2 errors:
./src/components/ui/button.tsx:3:1
Module not found: Can't resolve 'class-variance-authority'
[0m [90m 1 |[39m [36mimport[39m [33m*[39m [36mas[39m [33mReact[39m [36mfrom[39m [32m"react"[39m
 [90m 2 |[39m [36mimport[39m { [33mSlot[39m } [36mfrom[39m [32m"@radix-ui/react-slot"[39m
[31m[1m>[22m[39m[90m 3 |[39m [36mimport[39m { cva[33m,[39m type [33mVariantProps[39m } [36mfrom[39m [32m"class-variance-authority"[39m
 [90m   |[39m [31m[1m^[22m[39m[31m[1m^[22m[39m[31m[1m^[22m[39m[31m[1m^[22m[39m[31m[1m^[22m[39m[31m[1m^[22m[39m[31m[1m^[22m[39m[31m[1m^[22m[39m[31m[1m^[22m[39m[31m[1m^[22m[39m[31m[1m^[22m[39m[31m[1m^[22m[39m[31m[1m^[22m[39m[31m[1m^[22m[39m[31m[1m^[22m[39m[31m[1m^[22m[39m[31m[1m^[22m[39m[31m[1m^[22m[39m[31m[1m^[22m[39m[31m[1m^[22m[39m[31m[1m^[22m[39m[31m[1m^[22m[39m[31m[1m^[22m[39m[31m[1m^[22m[39m[31m[1m^[22m[39m[31m[1m^[22m[39m[31m[1m^[22m[39m[31m[1m^[22m[39m[31m[1m^[22m[39m[31m[1m^[22m[39m[31m[1m^[22m[39m[31m[1m^[22m[39m[31m[1m^[22m[39m[31m[1m^[22m[39m[31m[1m^[22m[39m[31m[1m^[22m[39m[31m[1m^[22m[39m[31m[1m^[22m[39m[31m[1m^[22m[39m[31m[1m^[22m[39m[31m[1m^[22m[39m[31m[1m^[22m[39m[31m[1m^[22m[39m[31m[1m^[22m[39m[31m[1m^[22m[39m[31m[1m^[22m[39m[31m[1m^[22m[39m[31m[1m^[22m[39m[31m[1m^[22m[39m[31m[1m^[22m[39m[31m[1m^[22m[39m[31m[1m^[22m[39m[31m[1m^[22m[39m[31m[1m^[22m[39m[31m[1m^[22m[39m[31m[1m^[22m[39m[31m[1m^[22m[39m[31m[1m^[22m[39m[31m[1m^[22m[39m[31m[1m^[22m[39m[31m[1m^[22m[39m[31m[1m^[22m[39m[31m[1m^[22m[39m[31m[1m^[22m[39m[31m[1m^[22m[39m
 [90m 4 |[39m
 [90m 5 |[39m [36mimport[39m { cn } [36mfrom[39m [32m"@/lib/utils/cn"[39m
 [90m 6 |[39m[0m



Import traces:
  Client Component Browser:
    ./src/components/ui/button.tsx [Client Component Browser]
    ./src/components/layout/TopBar.tsx [Client Component Browser]
    ./src/components/layout/TopBar.tsx [Server Component]
    ./src/app/(dashboard)/layout.tsx [Server Component]

  Client Component SSR:
    ./src/components/ui/button.tsx [Client Component SSR]
    ./src/components/layout/TopBar.tsx [Client Component SSR]
    ./src/components/layout/TopBar.tsx [Server Component]
    ./src/app/(dashboard)/layout.tsx [Server Component]

https://nextjs.org/docs/messages/module-not-found


./src/components/ui/label.tsx:5:1
Module not found: Can't resolve 'class-variance-authority'
[0m [90m 3 |[39m [36mimport[39m [33m*[39m [36mas[39m [33mReact[39m [36mfrom[39m [32m"react"[39m
 [90m 4 |[39m [36mimport[39m [33m*[39m [36mas[39m [33mLabelPrimitive[39m [36mfrom[39m [32m"@radix-ui/react-label"[39m
[31m[1m>[22m[39m[90m 5 |[39m [36mimport[39m { cva[33m,[39m type [33mVariantProps[39m } [36mfrom[39m [32m"class-variance-authority"[39m
 [90m   |[39m [31m[1m^[22m[39m[31m[1m^[22m[39m[31m[1m^[22m[39m[31m[1m^[22m[39m[31m[1m^[22m[39m[31m[1m^[22m[39m[31m[1m^[22m[39m[31m[1m^[22m[39m[31m[1m^[22m[39m[31m[1m^[22m[39m[31m[1m^[22m[39m[31m[1m^[22m[39m[31m[1m^[22m[39m[31m[1m^[22m[39m[31m[1m^[22m[39m[31m[1m^[22m[39m[31m[1m^[22m[39m[31m[1m^[22m[39m[31m[1m^[22m[39m[31m[1m^[22m[39m[31m[1m^[22m[39m[31m[1m^[22m[39m[31m[1m^[22m[39m[31m[1m^[22m[39m[31m[1m^[22m[39m[31m[1m^[22m[39m[31m[1m^[22m[39m[31m[1m^[22m[39m[31m[1m^[22m[39m[31m[1m^[22m[39m[31m[1m^[22m[39m[31m[1m^[22m[39m[31m[1m^[22m[39m[31m[1m^[22m[39m[31m[1m^[22m[39m[31m[1m^[22m[39m[31m[1m^[22m[39m[31m[1m^[22m[39m[31m[1m^[22m[39m[31m[1m^[22m[39m[31m[1m^[22m[39m[31m[1m^[22m[39m[31m[1m^[22m[39m[31m[1m^[22m[39m[31m[1m^[22m[39m[31m[1m^[22m[39m[31m[1m^[22m[39m[31m[1m^[22m[39m[31m[1m^[22m[39m[31m[1m^[22m[39m[31m[1m^[22m[39m[31m[1m^[22m[39m[31m[1m^[22m[39m[31m[1m^[22m[39m[31m[1m^[22m[39m[31m[1m^[22m[39m[31m[1m^[22m[39m[31m[1m^[22m[39m[31m[1m^[22m[39m[31m[1m^[22m[39m[31m[1m^[22m[39m[31m[1m^[22m[39m[31m[1m^[22m[39m[31m[1m^[22m[39m[31m[1m^[22m[39m
 [90m 6 |[39m
 [90m 7 |[39m [36mimport[39m { cn } [36mfrom[39m [32m"@/lib/utils/cn"[39m
 [90m 8 |[39m[0m



Import trace:
  Server Component:
    ./src/components/ui/label.tsx
    ./src/app/(dashboard)/settings/page.tsx

https://nextjs.org/docs/messages/module-not-found


    at <unknown> (./src/components/ui/button.tsx:3:1)
    at <unknown> (https://nextjs.org/docs/messages/module-not-found)
    at <unknown> (./src/components/ui/label.tsx:5:1)
    at <unknown> (https://nextjs.org/docs/messages/module-not-found)
